[2m2026-07-10T09:08:32.205112Z[0m [34mDEBUG[0m [2mglycin::gobject[0m[2m:[0m Initialized logging
[2m2026-07-10T09:08:32.206835Z[0m [34mDEBUG[0m [2mglycin::sandbox[0m[2m:[0m Testing bwrap availability with: "bwrap" "--unshare-all" "--die-with-parent" "--chdir" "/" "--ro-bind" "/usr" "/usr" "--dev" "/dev" "--ro-bind-try" "/etc/ld.so.cache" "/etc/ld.so.cache" "--ro-bind-try" "/nix/store" "/nix/store" "--tmpfs" "/tmp-home" "--tmpfs" "/tmp-run" "--clearenv" "--setenv" "HOME" "/tmp-home" "--setenv" "XDG_RUNTIME_DIR" "/tmp-run" "--setenv" "RUST_LOG" "debug" "--setenv" "XDG_RUNTIME_DIR" "/run/user/1000" "--symlink" "/usr/lib64" "/lib64" "--symlink" "/usr/lib" "/lib" "--seccomp" "27" "/usr/bin/true"
[2m2026-07-10T09:08:32.215158Z[0m [34mDEBUG[0m [2mglycin::sandbox[0m[2m:[0m bwrap availability test returned: Output { status: ExitStatus(unix_wait_status(0)), stdout: "", stderr: "Setting process memory limit\n" } (Signal: None, Code: Some(0))
[2m2026-07-10T09:08:32.215200Z[0m [34mDEBUG[0m [2mglycin::sandbox[0m[2m:[0m bwrap sandboxing available: true
[2m2026-07-10T09:08:32.215214Z[0m [34mDEBUG[0m [2mglycin::pool[0m[2m:[0m No existing loader/editor in pool. Spawning new one.
[2m2026-07-10T09:08:32.215770Z[0m [34mDEBUG[0m [2mglycin::sandbox[0m[2m:[0m Couldn't canonicalize path "/home/test/.cache/fontconfig": No existe el archivo o el directorio (os error 2)
[2m2026-07-10T09:08:32.215797Z[0m [34mDEBUG[0m [2mglycin::sandbox[0m[2m:[0m Couldn't canonicalize path "/home/test/.fontconfig": No existe el archivo o el directorio (os error 2)
[2m2026-07-10T09:08:32.215804Z[0m [34mDEBUG[0m [2mglycin::sandbox[0m[2m:[0m Couldn't canonicalize path "/home/test/.fonts": No existe el archivo o el directorio (os error 2)
[2m2026-07-10T09:08:32.215816Z[0m [34mDEBUG[0m [2mglycin::sandbox[0m[2m:[0m Couldn't canonicalize path "/home/test/.local/share/flatpak/exports/share/fonts": No existe el archivo o el directorio (os error 2)
[2m2026-07-10T09:08:32.215826Z[0m [34mDEBUG[0m [2mglycin::sandbox[0m[2m:[0m Couldn't canonicalize path "/home/test/.local/share/fonts": No existe el archivo o el directorio (os error 2)
[2m2026-07-10T09:08:32.215848Z[0m [34mDEBUG[0m [2mglycin::sandbox[0m[2m:[0m Couldn't canonicalize path "/var/lib/flatpak/exports/share/fonts": No existe el archivo o el directorio (os error 2)
[2m2026-07-10T09:08:32.216129Z[0m [34mDEBUG[0m [2mglycin::dbus[0m[2m:[0m Spawning loader/editor:
    "bwrap" "--unshare-all" "--die-with-parent" "--chdir" "/" "--ro-bind" "/usr" "/usr" "--dev" "/dev" "--ro-bind-try" "/etc/ld.so.cache" "/etc/ld.so.cache" "--ro-bind-try" "/nix/store" "/nix/store" "--tmpfs" "/tmp-home" "--tmpfs" "/tmp-run" "--clearenv" "--setenv" "HOME" "/tmp-home" "--setenv" "XDG_RUNTIME_DIR" "/tmp-run" "--setenv" "RUST_LOG" "debug" "--setenv" "XDG_RUNTIME_DIR" "/run/user/1000" "--symlink" "/usr/lib64" "/lib64" "--symlink" "/usr/lib" "/lib" "--ro-bind-try" "/etc/fonts/conf.d" "/etc/fonts/conf.d" "--ro-bind-try" "/etc/fonts/fonts.conf" "/etc/fonts/fonts.conf" "--ro-bind-try" "/etc/fonts/local.conf" "/etc/fonts/local.conf" "--ro-bind-try" "/var/cache/fontconfig" "/var/cache/fontconfig" "--bind-try" "/home/test/.cache/glycin/usr/libexec/glycin-loaders/2+/glycin-svg" "/home/test/.cache/glycin/usr/libexec/glycin-loaders/2+/glycin-svg" "--setenv" "XDG_CACHE_HOME" "/home/test/.cache/glycin/usr/libexec/glycin-loaders/2+/glycin-svg" "--seccomp" "28" "/usr/libexec/glycin-loaders/2+/glycin-svg" "--dbus-fd" "27"
[2m2026-07-10T09:08:32.220877Z[0m [34mDEBUG[0m [2mglycin::dbus[0m[2m:[0m Loader stderr: Setting process memory limit
[2m2026-07-10T09:08:32.225163Z[0m [34mDEBUG[0m [2mglycin::dbus[0m[2m:[0m stderr disconnected without error
[2m2026-07-10T09:08:32.225170Z[0m [34mDEBUG[0m [2mglycin::dbus[0m[2m:[0m Process exited: Some(Some(0)) Ok(ExitStatus(unix_wait_status(0)))
[2m2026-07-10T09:08:32.225185Z[0m [34mDEBUG[0m [2mglycin::dbus[0m[2m:[0m stdout disconnected without error

(soffice:6979): Gtk-WARNING **: 11:08:32.226: Could not load a pixbuf from icon theme.
This may indicate that pixbuf loaders or the mime database could not be found.
[2m2026-07-10T09:08:32.228380Z[0m [34mDEBUG[0m [2mglycin::pool[0m[2m:[0m No existing loader/editor in pool. Spawning new one.
[2m2026-07-10T09:08:32.228845Z[0m [34mDEBUG[0m [2mglycin::sandbox[0m[2m:[0m Couldn't canonicalize path "/home/test/.cache/fontconfig": No existe el archivo o el directorio (os error 2)
[2m2026-07-10T09:08:32.228860Z[0m [34mDEBUG[0m [2mglycin::sandbox[0m[2m:[0m Couldn't canonicalize path "/home/test/.fontconfig": No existe el archivo o el directorio (os error 2)
[2m2026-07-10T09:08:32.228869Z[0m [34mDEBUG[0m [2mglycin::sandbox[0m[2m:[0m Couldn't canonicalize path "/home/test/.fonts": No existe el archivo o el directorio (os error 2)
[2m2026-07-10T09:08:32.228884Z[0m [34mDEBUG[0m [2mglycin::sandbox[0m[2m:[0m Couldn't canonicalize path "/home/test/.local/share/flatpak/exports/share/fonts": No existe el archivo o el directorio (os error 2)
[2m2026-07-10T09:08:32.228905Z[0m [34mDEBUG[0m [2mglycin::sandbox[0m[2m:[0m Couldn't canonicalize path "/home/test/.local/share/fonts": No existe el archivo o el directorio (os error 2)
[2m2026-07-10T09:08:32.228938Z[0m [34mDEBUG[0m [2mglycin::sandbox[0m[2m:[0m Couldn't canonicalize path "/var/lib/flatpak/exports/share/fonts": No existe el archivo o el directorio (os error 2)
[2m2026-07-10T09:08:32.229157Z[0m [34mDEBUG[0m [2mglycin::dbus[0m[2m:[0m Spawning loader/editor:
    "bwrap" "--unshare-all" "--die-with-parent" "--chdir" "/" "--ro-bind" "/usr" "/usr" "--dev" "/dev" "--ro-bind-try" "/etc/ld.so.cache" "/etc/ld.so.cache" "--ro-bind-try" "/nix/store" "/nix/store" "--tmpfs" "/tmp-home" "--tmpfs" "/tmp-run" "--clearenv" "--setenv" "HOME" "/tmp-home" "--setenv" "XDG_RUNTIME_DIR" "/tmp-run" "--setenv" "RUST_LOG" "debug" "--setenv" "XDG_RUNTIME_DIR" "/run/user/1000" "--symlink" "/usr/lib64" "/lib64" "--symlink" "/usr/lib" "/lib" "--ro-bind-try" "/etc/fonts/conf.d" "/etc/fonts/conf.d" "--ro-bind-try" "/etc/fonts/fonts.conf" "/etc/fonts/fonts.conf" "--ro-bind-try" "/etc/fonts/local.conf" "/etc/fonts/local.conf" "--ro-bind-try" "/var/cache/fontconfig" "/var/cache/fontconfig" "--bind-try" "/home/test/.cache/glycin/usr/libexec/glycin-loaders/2+/glycin-svg" "/home/test/.cache/glycin/usr/libexec/glycin-loaders/2+/glycin-svg" "--setenv" "XDG_CACHE_HOME" "/home/test/.cache/glycin/usr/libexec/glycin-loaders/2+/glycin-svg" "--seccomp" "30" "/usr/libexec/glycin-loaders/2+/glycin-svg" "--dbus-fd" "29"
[2m2026-07-10T09:08:32.233678Z[0m [34mDEBUG[0m [2mglycin::dbus[0m[2m:[0m Loader stderr: Setting process memory limit
[2m2026-07-10T09:08:32.237241Z[0m [34mDEBUG[0m [2mglycin::dbus[0m[2m:[0m stderr disconnected without error
[2m2026-07-10T09:08:32.237240Z[0m [34mDEBUG[0m [2mglycin::dbus[0m[2m:[0m Process exited: Some(Some(0)) Ok(ExitStatus(unix_wait_status(0)))
[2m2026-07-10T09:08:32.237265Z[0m [34mDEBUG[0m [2mglycin::dbus[0m[2m:[0m stdout disconnected without error
**
Gtk:ERROR:../../../gtk/gtkiconhelper.c:495:ensure_surface_for_gicon: assertion failed (error == NULL): Failed to load /usr/share/icons/Fluent-yellow-dark/16@2x/panel/image-missing.svg: Loader process exited early with status '0'Command:
 "bwrap" "--unshare-all" "--die-with-parent" "--chdir" "/" "--ro-bind" "/usr" "/usr" "--dev" "/dev" "--ro-bind-try" "/etc/ld.so.cache" "/etc/ld.so.cache" "--ro-bind-try" "/nix/store" "/nix/store" "--tmpfs" "/tmp-home" "--tmpfs" "/tmp-run" "--clearenv" "--setenv" "HOME" "/tmp-home" "--setenv" "XDG_RUNTIME_DIR" "/tmp-run" "--setenv" "RUST_LOG" "debug" "--setenv" "XDG_RUNTIME_DIR" "/run/user/1000" "--symlink" "/usr/lib64" "/lib64" "--symlink" "/usr/lib" "/lib" "--ro-bind-try" "/etc/fonts/conf.d" "/etc/fonts/conf.d" "--ro-bind-try" "/etc/fonts/fonts.conf" "/etc/fonts/fonts.conf" "--ro-bind-try" "/etc/fonts/local.conf" "/etc/fonts/local.conf" "--ro-bind-try" "/var/cache/fontconfig" "/var/cache/fontconfig" "--bind-try" "/home/test/.cache/glycin/usr/libexec/glycin-loaders/2+/glycin-svg" "/home/test/.cache/glycin/usr/libexec/glycin-loaders/2+/glycin-svg" "--setenv" "XDG_CACHE_HOME" "/home/test/.cache/glycin/usr/libexec/glycin-loaders/2+/glycin-svg" "--seccomp" "30" "/usr/libexec/glycin-loaders/2+/glycin-svg" "--dbus-fd" "29" (gdk-pixbuf-error-quark, 0)
Bail out! Gtk:ERROR:../../../gtk/gtkiconhelper.c:495:ensure_surface_for_gicon: assertion failed (error == NULL): Failed to load /usr/share/icons/Fluent-yellow-dark/16@2x/panel/image-missing.svg: Loader process exited early with status '0'Command:  "bwrap" "--unshare-all" "--die-with-parent" "--chdir" "/" "--ro-bind" "/usr" "/usr" "--dev" "/dev" "--ro-bind-try" "/etc/ld.so.cache" "/etc/ld.so.cache" "--ro-bind-try" "/nix/store" "/nix/store" "--tmpfs" "/tmp-home" "--tmpfs" "/tmp-run" "--clearenv" "--setenv" "HOME" "/tmp-home" "--setenv" "XDG_RUNTIME_DIR" "/tmp-run" "--setenv" "RUST_LOG" "debug" "--setenv" "XDG_RUNTIME_DIR" "/run/user/1000" "--symlink" "/usr/lib64" "/lib64" "--symlink" "/usr/lib" "/lib" "--ro-bind-try" "/etc/fonts/conf.d" "/etc/fonts/conf.d" "--ro-bind-try" "/etc/fonts/fonts.conf" "/etc/fonts/fonts.conf" "--ro-bind-try" "/etc/fonts/local.conf" "/etc/fonts/local.conf" "--ro-bind-try" "/var/cache/fontconfig" "/var/cache/fontconfig" "--bind-try" "/home/test/.cache/glycin/usr/libexec/glycin-loaders/2+/glycin-svg" "/home/test/.cache/glycin/usr/libexec/glycin-loaders/2+/glycin-svg" "--setenv" "XDG_CACHE_HOME" "/home/test/.cache/glycin/usr/libexec/glycin-loaders/2+/glycin-svg" "--seccomp" "30" "/usr/libexec/glycin-loaders/2+/glycin-svg" "--dbus-fd" "29" (gdk-pixbuf-error-quark, 0)
Unspecified Application Error
